// Jest Snapshot v1, https://goo.gl/fbAQLP

exports[`Typeahead component gets rendered  1`] = `
<div
  className="typeahead-basic"
  style={
    Object {
      "margin": "10px",
      "width": "200px",
    }
  }
>
  <div
    className="state-search-label"
  >
    Search for a state
  </div>
  <div
    className="inputParent"
  >
    <input
      className="input-style"
      name="StateName"
      onChange={[Function]}
      placeholder="Search State"
      type="text"
      value=""
    />
    <i
      className="caret fas fa-angle-down"
      onClick={[Function]}
    />
  </div>
  <div
    className="dropdownOutline"
  />
  <div
    className="SelectedState"
  >
    Selected State : 
    
  </div>
</div>
`;
